// Jest Snapshot v1, https://goo.gl/fbAQLP

exports[`Header renders correctly 1`] = `
<header
  className="header"
>
  <a
    className="header__logo"
    href="/"
  >
    PDAP
  </a>
  <nav
    className="nav"
  >
    <ul
      className="nav__menu"
    />
  </nav>
</header>
`;
