// Jest Snapshot v1, https://goo.gl/fbAQLP

exports[`Navbar renders correctly 1`] = `
<nav
  className="nav"
>
  <ul
    className="nav__menu"
  />
</nav>
`;
